Archive member included to satisfy reference by file (symbol)

/home/ruben/Simplicity/SimplicityStudio_v4/developer/toolchains/gnu_arm/7.2_2017q4/bin/../lib/gcc/arm-none-eabi/7.2.1/thumb/v7-m/libgcc.a(_aeabi_uldivmod.o)
                              ./src/em_usart.o (__aeabi_uldivmod)
/home/ruben/Simplicity/SimplicityStudio_v4/developer/toolchains/gnu_arm/7.2_2017q4/bin/../lib/gcc/arm-none-eabi/7.2.1/thumb/v7-m/libgcc.a(_udivmoddi4.o)
                              /home/ruben/Simplicity/SimplicityStudio_v4/developer/toolchains/gnu_arm/7.2_2017q4/bin/../lib/gcc/arm-none-eabi/7.2.1/thumb/v7-m/libgcc.a(_aeabi_uldivmod.o) (__udivmoddi4)
/home/ruben/Simplicity/SimplicityStudio_v4/developer/toolchains/gnu_arm/7.2_2017q4/bin/../lib/gcc/arm-none-eabi/7.2.1/thumb/v7-m/libgcc.a(_dvmd_tls.o)
                              /home/ruben/Simplicity/SimplicityStudio_v4/developer/toolchains/gnu_arm/7.2_2017q4/bin/../lib/gcc/arm-none-eabi/7.2.1/thumb/v7-m/libgcc.a(_aeabi_uldivmod.o) (__aeabi_ldiv0)
/home/ruben/Simplicity/SimplicityStudio_v4/developer/toolchains/gnu_arm/7.2_2017q4/bin/../lib/gcc/arm-none-eabi/7.2.1/../../../../arm-none-eabi/lib/thumb/v7-m/libc_nano.a(lib_a-exit.o)
                              /home/ruben/Simplicity/SimplicityStudio_v4/developer/toolchains/gnu_arm/7.2_2017q4/bin/../lib/gcc/arm-none-eabi/7.2.1/../../../../arm-none-eabi/lib/thumb/v7-m/crt0.o (exit)
/home/ruben/Simplicity/SimplicityStudio_v4/developer/toolchains/gnu_arm/7.2_2017q4/bin/../lib/gcc/arm-none-eabi/7.2.1/../../../../arm-none-eabi/lib/thumb/v7-m/libc_nano.a(lib_a-impure.o)
                              /home/ruben/Simplicity/SimplicityStudio_v4/developer/toolchains/gnu_arm/7.2_2017q4/bin/../lib/gcc/arm-none-eabi/7.2.1/../../../../arm-none-eabi/lib/thumb/v7-m/libc_nano.a(lib_a-exit.o) (_global_impure_ptr)
/home/ruben/Simplicity/SimplicityStudio_v4/developer/toolchains/gnu_arm/7.2_2017q4/bin/../lib/gcc/arm-none-eabi/7.2.1/../../../../arm-none-eabi/lib/thumb/v7-m/libc_nano.a(lib_a-init.o)
                              /home/ruben/Simplicity/SimplicityStudio_v4/developer/toolchains/gnu_arm/7.2_2017q4/bin/../lib/gcc/arm-none-eabi/7.2.1/../../../../arm-none-eabi/lib/thumb/v7-m/crt0.o (__libc_init_array)
/home/ruben/Simplicity/SimplicityStudio_v4/developer/toolchains/gnu_arm/7.2_2017q4/bin/../lib/gcc/arm-none-eabi/7.2.1/../../../../arm-none-eabi/lib/thumb/v7-m/libc_nano.a(lib_a-memcpy-stub.o)
                              ./src/uartdrv.o (memcpy)
/home/ruben/Simplicity/SimplicityStudio_v4/developer/toolchains/gnu_arm/7.2_2017q4/bin/../lib/gcc/arm-none-eabi/7.2.1/../../../../arm-none-eabi/lib/thumb/v7-m/libc_nano.a(lib_a-memset.o)
                              /home/ruben/Simplicity/SimplicityStudio_v4/developer/toolchains/gnu_arm/7.2_2017q4/bin/../lib/gcc/arm-none-eabi/7.2.1/../../../../arm-none-eabi/lib/thumb/v7-m/crt0.o (memset)
/home/ruben/Simplicity/SimplicityStudio_v4/developer/toolchains/gnu_arm/7.2_2017q4/bin/../lib/gcc/arm-none-eabi/7.2.1/../../../../arm-none-eabi/lib/thumb/v7-m/libnosys.a(_exit.o)
                              /home/ruben/Simplicity/SimplicityStudio_v4/developer/toolchains/gnu_arm/7.2_2017q4/bin/../lib/gcc/arm-none-eabi/7.2.1/../../../../arm-none-eabi/lib/thumb/v7-m/libc_nano.a(lib_a-exit.o) (_exit)

Allocating common symbols
Common symbol       size              file

handleData          0x70              ./src/main.o
dmaControlBlock     0x200             ./src/dmactrl.o

Discarded input sections

 .text          0x0000000000000000        0x0 /home/ruben/Simplicity/SimplicityStudio_v4/developer/toolchains/gnu_arm/7.2_2017q4/bin/../lib/gcc/arm-none-eabi/7.2.1/thumb/v7-m/crti.o
 .data          0x0000000000000000        0x0 /home/ruben/Simplicity/SimplicityStudio_v4/developer/toolchains/gnu_arm/7.2_2017q4/bin/../lib/gcc/arm-none-eabi/7.2.1/thumb/v7-m/crti.o
 .bss           0x0000000000000000        0x0 /home/ruben/Simplicity/SimplicityStudio_v4/developer/toolchains/gnu_arm/7.2_2017q4/bin/../lib/gcc/arm-none-eabi/7.2.1/thumb/v7-m/crti.o
 .data          0x0000000000000000        0x4 /home/ruben/Simplicity/SimplicityStudio_v4/developer/toolchains/gnu_arm/7.2_2017q4/bin/../lib/gcc/arm-none-eabi/7.2.1/thumb/v7-m/crtbegin.o
 .data          0x0000000000000000        0x0 /home/ruben/Simplicity/SimplicityStudio_v4/developer/toolchains/gnu_arm/7.2_2017q4/bin/../lib/gcc/arm-none-eabi/7.2.1/../../../../arm-none-eabi/lib/thumb/v7-m/crt0.o
 .bss           0x0000000000000000        0x0 /home/ruben/Simplicity/SimplicityStudio_v4/developer/toolchains/gnu_arm/7.2_2017q4/bin/../lib/gcc/arm-none-eabi/7.2.1/../../../../arm-none-eabi/lib/thumb/v7-m/crt0.o
 .ARM.extab     0x0000000000000000        0x0 /home/ruben/Simplicity/SimplicityStudio_v4/developer/toolchains/gnu_arm/7.2_2017q4/bin/../lib/gcc/arm-none-eabi/7.2.1/../../../../arm-none-eabi/lib/thumb/v7-m/crt0.o
 .data          0x0000000000000000        0x0 ./CMSIS/EFM32GG/startup_efm32gg.o
 .bss           0x0000000000000000        0x0 ./CMSIS/EFM32GG/startup_efm32gg.o
[...]
Memory Configuration

Name             Origin             Length             Attributes
FLASH            0x0000000000000000 0x0000000000100000 xr
RAM              0x0000000020000000 0x0000000000020000 xrw
*default*        0x0000000000000000 0xffffffffffffffff

Linker script and memory map

LOAD /home/ruben/Simplicity/SimplicityStudio_v4/developer/toolchains/gnu_arm/7.2_2017q4/bin/../lib/gcc/arm-none-eabi/7.2.1/thumb/v7-m/crti.o
LOAD /home/ruben/Simplicity/SimplicityStudio_v4/developer/toolchains/gnu_arm/7.2_2017q4/bin/../lib/gcc/arm-none-eabi/7.2.1/thumb/v7-m/crtbegin.o
LOAD /home/ruben/Simplicity/SimplicityStudio_v4/developer/toolchains/gnu_arm/7.2_2017q4/bin/../lib/gcc/arm-none-eabi/7.2.1/../../../../arm-none-eabi/lib/thumb/v7-m/crt0.o
LOAD ./CMSIS/EFM32GG/startup_efm32gg.o
LOAD ./CMSIS/EFM32GG/system_efm32gg.o
LOAD ./src/dmactrl.o
LOAD ./src/dmadrv.o
LOAD ./src/em_acmp.o
LOAD ./src/em_adc.o
LOAD ./src/em_aes.o
LOAD ./src/em_assert.o
LOAD ./src/em_burtc.o
LOAD ./src/em_can.o
LOAD ./src/em_cmu.o
LOAD ./src/em_core.o
LOAD ./src/em_cryotimer.o
LOAD ./src/em_crypto.o
LOAD ./src/em_csen.o
LOAD ./src/em_dac.o
LOAD ./src/em_dbg.o
LOAD ./src/em_dma.o
LOAD ./src/em_ebi.o
LOAD ./src/em_emu.o
LOAD ./src/em_eusart.o
LOAD ./src/em_gpcrc.o
LOAD ./src/em_gpio.o
LOAD ./src/em_i2c.o
LOAD ./src/em_iadc.o
LOAD ./src/em_idac.o
LOAD ./src/em_int.o
LOAD ./src/em_lcd.o
LOAD ./src/em_ldma.o
LOAD ./src/em_lesense.o
LOAD ./src/em_letimer.o
LOAD ./src/em_leuart.o
LOAD ./src/em_mpu.o
LOAD ./src/em_msc.o
LOAD ./src/em_opamp.o
LOAD ./src/em_pcnt.o
LOAD ./src/em_pdm.o
LOAD ./src/em_prs.o
LOAD ./src/em_qspi.o
LOAD ./src/em_rmu.o
LOAD ./src/em_rtc.o
LOAD ./src/em_rtcc.o
LOAD ./src/em_se.o
LOAD ./src/em_system.o
LOAD ./src/em_timer.o
LOAD ./src/em_usart.o
LOAD ./src/em_vcmp.o
LOAD ./src/em_vdac.o
LOAD ./src/em_wdog.o
LOAD ./src/gpiointerrupt.o
LOAD ./src/main.o
LOAD ./src/sl_sleeptimer.o
LOAD ./src/sl_sleeptimer_hal_prortc.o
LOAD ./src/sl_sleeptimer_hal_rtc.o
LOAD ./src/sl_sleeptimer_hal_rtcc.o
LOAD ./src/sleep.o
LOAD ./src/spidrv.o
LOAD ./src/uartdrv.o
LOAD ./src/ustimer.o
START GROUP
LOAD /home/ruben/Simplicity/SimplicityStudio_v4/developer/toolchains/gnu_arm/7.2_2017q4/bin/../lib/gcc/arm-none-eabi/7.2.1/thumb/v7-m/libgcc.a
LOAD /home/ruben/Simplicity/SimplicityStudio_v4/developer/toolchains/gnu_arm/7.2_2017q4/bin/../lib/gcc/arm-none-eabi/7.2.1/../../../../arm-none-eabi/lib/thumb/v7-m/libnosys.a
END GROUP
LOAD /home/ruben/Simplicity/SimplicityStudio_v4/developer/toolchains/gnu_arm/7.2_2017q4/bin/../lib/gcc/arm-none-eabi/7.2.1/../../../../arm-none-eabi/lib/thumb/v7-m/libstdc++_nano.a
LOAD /home/ruben/Simplicity/SimplicityStudio_v4/developer/toolchains/gnu_arm/7.2_2017q4/bin/../lib/gcc/arm-none-eabi/7.2.1/../../../../arm-none-eabi/lib/thumb/v7-m/libm.a
LOAD /home/ruben/Simplicity/SimplicityStudio_v4/developer/toolchains/gnu_arm/7.2_2017q4/bin/../lib/gcc/arm-none-eabi/7.2.1/../../../../arm-none-eabi/lib/thumb/v7-m/libc_nano.a
START GROUP
LOAD /home/ruben/Simplicity/SimplicityStudio_v4/developer/toolchains/gnu_arm/7.2_2017q4/bin/../lib/gcc/arm-none-eabi/7.2.1/thumb/v7-m/libgcc.a
LOAD /home/ruben/Simplicity/SimplicityStudio_v4/developer/toolchains/gnu_arm/7.2_2017q4/bin/../lib/gcc/arm-none-eabi/7.2.1/../../../../arm-none-eabi/lib/thumb/v7-m/libg_nano.a
LOAD /home/ruben/Simplicity/SimplicityStudio_v4/developer/toolchains/gnu_arm/7.2_2017q4/bin/../lib/gcc/arm-none-eabi/7.2.1/../../../../arm-none-eabi/lib/thumb/v7-m/libc_nano.a
END GROUP
START GROUP
LOAD /home/ruben/Simplicity/SimplicityStudio_v4/developer/toolchains/gnu_arm/7.2_2017q4/bin/../lib/gcc/arm-none-eabi/7.2.1/thumb/v7-m/libgcc.a
LOAD /home/ruben/Simplicity/SimplicityStudio_v4/developer/toolchains/gnu_arm/7.2_2017q4/bin/../lib/gcc/arm-none-eabi/7.2.1/../../../../arm-none-eabi/lib/thumb/v7-m/libc_nano.a
LOAD /home/ruben/Simplicity/SimplicityStudio_v4/developer/toolchains/gnu_arm/7.2_2017q4/bin/../lib/gcc/arm-none-eabi/7.2.1/../../../../arm-none-eabi/lib/thumb/v7-m/libnosys.a
END GROUP
START GROUP
LOAD /home/ruben/Simplicity/SimplicityStudio_v4/developer/toolchains/gnu_arm/7.2_2017q4/bin/../lib/gcc/arm-none-eabi/7.2.1/thumb/v7-m/libgcc.a
LOAD /home/ruben/Simplicity/SimplicityStudio_v4/developer/toolchains/gnu_arm/7.2_2017q4/bin/../lib/gcc/arm-none-eabi/7.2.1/../../../../arm-none-eabi/lib/thumb/v7-m/libc_nano.a
LOAD /home/ruben/Simplicity/SimplicityStudio_v4/developer/toolchains/gnu_arm/7.2_2017q4/bin/../lib/gcc/arm-none-eabi/7.2.1/../../../../arm-none-eabi/lib/thumb/v7-m/libnosys.a
END GROUP
LOAD /home/ruben/Simplicity/SimplicityStudio_v4/developer/toolchains/gnu_arm/7.2_2017q4/bin/../lib/gcc/arm-none-eabi/7.2.1/thumb/v7-m/crtend.o
LOAD /home/ruben/Simplicity/SimplicityStudio_v4/developer/toolchains/gnu_arm/7.2_2017q4/bin/../lib/gcc/arm-none-eabi/7.2.1/thumb/v7-m/crtn.o

.text           0x0000000000000000     0x3b54
 *(.vectors)
 .vectors       0x0000000000000000       0xdc ./CMSIS/EFM32GG/startup_efm32gg.o
                0x0000000000000000                __Vectors
                0x00000000000000dc                __Vectors_End = .
                0x00000000000000dc                __Vectors_Size = (__Vectors_End - __Vectors)
                0x00000000000000dc                __end__ = .
 *(.text*)
 .text          0x00000000000000dc       0x40 /home/ruben/Simplicity/SimplicityStudio_v4/developer/toolchains/gnu_arm/7.2_2017q4/bin/../lib/gcc/arm-none-eabi/7.2.1/thumb/v7-m/crtbegin.o
 .text          0x000000000000011c       0x74 /home/ruben/Simplicity/SimplicityStudio_v4/developer/toolchains/gnu_arm/7.2_2017q4/bin/../lib/gcc/arm-none-eabi/7.2.1/../../../../arm-none-eabi/lib/thumb/v7-m/crt0.o
                0x000000000000011c                _mainCRTStartup
                0x000000000000011c                _start
 .text          0x0000000000000190       0x30 ./CMSIS/EFM32GG/startup_efm32gg.o
                0x0000000000000190                Reset_Handler
                0x00000000000001bc                TIMER2_IRQHandler
                0x00000000000001bc                DebugMon_Handler
                0x00000000000001bc                USART0_TX_IRQHandler
                0x00000000000001bc                I2C0_IRQHandler
                0x00000000000001bc                HardFault_Handler
                0x00000000000001bc                LEUART1_IRQHandler
                0x00000000000001bc                SysTick_Handler
                0x00000000000001bc                USART1_RX_IRQHandler
                0x00000000000001bc                PendSV_Handler
                0x00000000000001bc                NMI_Handler
                0x00000000000001bc                I2C1_IRQHandler
                0x00000000000001bc                TIMER3_IRQHandler
                0x00000000000001bc                USART1_TX_IRQHandler
                0x00000000000001bc                MSC_IRQHandler
                0x00000000000001bc                ADC0_IRQHandler
                0x00000000000001bc                UsageFault_Handler
                0x00000000000001bc                LEUART0_IRQHandler
                0x00000000000001bc                UART0_TX_IRQHandler
                0x00000000000001bc                UART1_TX_IRQHandler
                0x00000000000001bc                LCD_IRQHandler
                0x00000000000001bc                PCNT2_IRQHandler
                0x00000000000001bc                UART0_RX_IRQHandler
                0x00000000000001bc                LETIMER0_IRQHandler
                0x00000000000001bc                TIMER1_IRQHandler
                0x00000000000001bc                USART2_RX_IRQHandler
                0x00000000000001bc                Default_Handler
                0x00000000000001bc                EMU_IRQHandler
                0x00000000000001bc                PCNT0_IRQHandler
                0x00000000000001bc                sl_app_properties
                0x00000000000001bc                USB_IRQHandler
                0x00000000000001bc                BURTC_IRQHandler
                0x00000000000001bc                PCNT1_IRQHandler
                0x00000000000001bc                ACMP0_IRQHandler
                0x00000000000001bc                USART0_RX_IRQHandler
                0x00000000000001bc                MemManage_Handler
                0x00000000000001bc                SVC_Handler
                0x00000000000001bc                DAC0_IRQHandler
                0x00000000000001bc                UART1_RX_IRQHandler
                0x00000000000001bc                CMU_IRQHandler
                0x00000000000001bc                EBI_IRQHandler
                0x00000000000001bc                LESENSE_IRQHandler
                0x00000000000001bc                AES_IRQHandler
                0x00000000000001bc                VCMP_IRQHandler
                0x00000000000001bc                BusFault_Handler
                0x00000000000001bc                USART2_TX_IRQHandler
 .text.GetProdRev
                0x00000000000001c0       0x18 ./CMSIS/EFM32GG/system_efm32gg.o
 .text.SystemCoreClockGet
                0x00000000000001d8       0x34 ./CMSIS/EFM32GG/system_efm32gg.o
                0x00000000000001d8                SystemCoreClockGet
 .text.SystemMaxCoreClockGet
                0x000000000000020c       0x14 ./CMSIS/EFM32GG/system_efm32gg.o
                0x000000000000020c                SystemMaxCoreClockGet
 .text.SystemHFClockGet
                0x0000000000000220      0x100 ./CMSIS/EFM32GG/system_efm32gg.o
                0x0000000000000220                SystemHFClockGet
 .text.SystemInit
                0x0000000000000320       0x1c ./CMSIS/EFM32GG/system_efm32gg.o
                0x0000000000000320                SystemInit
 .text.SystemLFRCOClockGet
                0x000000000000033c       0x10 ./CMSIS/EFM32GG/system_efm32gg.o
                0x000000000000033c                SystemLFRCOClockGet
 .text.SystemULFRCOClockGet
                0x000000000000034c       0x10 ./CMSIS/EFM32GG/system_efm32gg.o
                0x000000000000034c                SystemULFRCOClockGet
 .text.SystemLFXOClockGet
                0x000000000000035c       0x14 ./CMSIS/EFM32GG/system_efm32gg.o
                0x000000000000035c                SystemLFXOClockGet
 .text.__NVIC_SetPriority
                0x0000000000000370       0x54 ./src/dmadrv.o
 .text.DMADRV_AllocateChannel
                0x00000000000003c4       0xb4 ./src/dmadrv.o
                0x00000000000003c4                DMADRV_AllocateChannel
 .text.DMADRV_Init
                0x0000000000000478       0x84 ./src/dmadrv.o
                0x0000000000000478                DMADRV_Init
 .text.DMADRV_MemoryPeripheral
                0x00000000000004fc       0x46 ./src/dmadrv.o
                0x00000000000004fc                DMADRV_MemoryPeripheral
 .text.DMADRV_PeripheralMemory
                0x0000000000000542       0x46 ./src/dmadrv.o
                0x0000000000000542                DMADRV_PeripheralMemory
 .text.DmaBasicCallback
                0x0000000000000588       0x4c ./src/dmadrv.o
 .text.DmaPingPongCallback
                0x00000000000005d4       0x7c ./src/dmadrv.o
 .text.StartTransfer
                0x0000000000000650      0x248 ./src/dmadrv.o
 .text.BUS_RegBitWrite
                0x0000000000000898       0x2c ./src/em_cmu.o
 .text.BUS_RegBitRead
                0x00000000000008c4       0x28 ./src/em_cmu.o
 .text.SL_Log2ToDiv
                0x00000000000008ec       0x1a ./src/em_cmu.o
 .text.CMU_DivToLog2
                0x0000000000000906       0x30 ./src/em_cmu.o
 *fill*         0x0000000000000936        0x2 
 .text.SYSTEM_GetProdRev
                0x0000000000000938       0x18 ./src/em_cmu.o
 .text.SYSTEM_GetFamily
                0x0000000000000950       0x18 ./src/em_cmu.o
 .text.maxFreqHfle
                0x0000000000000968       0x7c ./src/em_cmu.o
 .text.setHfLeConfig
                0x00000000000009e4       0x64 ./src/em_cmu.o
 .text.getHfLeConfig
                0x0000000000000a48       0x20 ./src/em_cmu.o
 .text.auxClkGet
                0x0000000000000a68       0xb0 ./src/em_cmu.o
 .text.dbgClkGet
                0x0000000000000b18       0x40 ./src/em_cmu.o
 .text.flashWaitStateControl
                0x0000000000000b58       0x98 ./src/em_cmu.o
 .text.flashWaitStateMax
                0x0000000000000bf0       0x44 ./src/em_cmu.o
 .text.CMU_UpdateWaitStates
                0x0000000000000c34       0x40 ./src/em_cmu.o
                0x0000000000000c34                CMU_UpdateWaitStates
 .text.lfClkGet
                0x0000000000000c74       0xec ./src/em_cmu.o
 .text.syncReg  0x0000000000000d60       0x34 ./src/em_cmu.o
 .text.usbCClkGet
                0x0000000000000d94       0x4c ./src/em_cmu.o
 .text.CMU_ClockDivGet
                0x0000000000000de0      0x1a4 ./src/em_cmu.o
                0x0000000000000de0                CMU_ClockDivGet
 .text.CMU_ClockDivSet
                0x0000000000000f84      0x264 ./src/em_cmu.o
                0x0000000000000f84                CMU_ClockDivSet
 .text.CMU_ClockEnable
                0x00000000000011e8       0xc8 ./src/em_cmu.o
                0x00000000000011e8                CMU_ClockEnable
 .text.CMU_ClockFreqGet
                0x00000000000012b0      0x200 ./src/em_cmu.o
                0x00000000000012b0                CMU_ClockFreqGet
 .text.CMU_ClockSelectGet
                0x00000000000014b0      0x15c ./src/em_cmu.o
                0x00000000000014b0                CMU_ClockSelectGet
 .text.__NVIC_GetPriority
                0x000000000000160c       0x4c ./src/em_core.o
 .text.CORE_EnterAtomic
                0x0000000000001658       0x1e ./src/em_core.o
                0x0000000000001658                CORE_EnterAtomic
 .text.CORE_ExitAtomic
                0x0000000000001676       0x1a ./src/em_core.o
                0x0000000000001676                CORE_ExitAtomic
 .text.CORE_IrqIsBlocked
                0x0000000000001690       0xa8 ./src/em_core.o
                0x0000000000001690                CORE_IrqIsBlocked
 .text.CORE_NvicIRQDisabled
                0x0000000000001738       0x50 ./src/em_core.o
                0x0000000000001738                CORE_NvicIRQDisabled
 .text.__NVIC_EnableIRQ
                0x0000000000001788       0x38 ./src/em_dma.o
 .text.__NVIC_DisableIRQ
                0x00000000000017c0       0x44 ./src/em_dma.o
 .text.__NVIC_ClearPendingIRQ
                0x0000000000001804       0x3c ./src/em_dma.o
 .text.BUS_RegBitWrite
                0x0000000000001840       0x2c ./src/em_dma.o
 .text.DMA_Prepare
                0x000000000000186c      0x118 ./src/em_dma.o
 .text.DMA_IRQHandler
                0x0000000000001984       0xdc ./src/em_dma.o
                0x0000000000001984                DMA_IRQHandler
 .text.DMA_ActivateBasic
                0x0000000000001a60       0x44 ./src/em_dma.o
                0x0000000000001a60                DMA_ActivateBasic
 .text.DMA_ActivatePingPong
                0x0000000000001aa4       0x5c ./src/em_dma.o
                0x0000000000001aa4                DMA_ActivatePingPong
 .text.DMA_CfgChannel
                0x0000000000001b00       0x8c ./src/em_dma.o
                0x0000000000001b00                DMA_CfgChannel
 .text.DMA_CfgDescr
                0x0000000000001b8c       0x70 ./src/em_dma.o
                0x0000000000001b8c                DMA_CfgDescr
 .text.DMA_Init
                0x0000000000001bfc       0x54 ./src/em_dma.o
                0x0000000000001bfc                DMA_Init
 .text.DMA_RefreshPingPong
                0x0000000000001c50       0xfc ./src/em_dma.o
                0x0000000000001c50                DMA_RefreshPingPong
 .text.DMA_Reset
                0x0000000000001d4c       0x88 ./src/em_dma.o
                0x0000000000001d4c                DMA_Reset
 .text.GPIO_PinOutClear
                0x0000000000001dd4       0x58 ./src/em_gpio.o
 .text.GPIO_PinOutSet
                0x0000000000001e2c       0x58 ./src/em_gpio.o
 .text.GPIO_PinModeSet
                0x0000000000001e84      0x118 ./src/em_gpio.o
                0x0000000000001e84                GPIO_PinModeSet
 .text.RTC_CompareSet
                0x0000000000001f9c       0x38 ./src/em_rtc.o
                0x0000000000001f9c                RTC_CompareSet
 .text.RTC_Init
                0x0000000000001fd4       0x50 ./src/em_rtc.o
                0x0000000000001fd4                RTC_Init
 .text.prsRxInput
                0x0000000000002024       0x24 ./src/em_usart.o
 .text.USART_BaudrateSyncSet
                0x0000000000002048       0x40 ./src/em_usart.o
                0x0000000000002048                USART_BaudrateSyncSet
 .text.USART_InitSync
                0x0000000000002088       0xdc ./src/em_usart.o
                0x0000000000002088                USART_InitSync
 .text.USART_Reset
                0x0000000000002164       0xb0 ./src/em_usart.o
                0x0000000000002164                USART_Reset
 .text.GPIO_IntClear
                0x0000000000002214       0x20 ./src/gpiointerrupt.o
 .text.GPIO_IntGetEnabled
                0x0000000000002234       0x28 ./src/gpiointerrupt.o
 .text.SL_CTZ   0x000000000000225c       0x26 ./src/gpiointerrupt.o
 *fill*         0x0000000000002282        0x2 
 .text.GPIOINT_IRQDispatcher
                0x0000000000002284       0x50 ./src/gpiointerrupt.o
 .text.GPIO_EVEN_IRQHandler
                0x00000000000022d4       0x28 ./src/gpiointerrupt.o
                0x00000000000022d4                GPIO_EVEN_IRQHandler
 .text.GPIO_ODD_IRQHandler
                0x00000000000022fc       0x28 ./src/gpiointerrupt.o
                0x00000000000022fc                GPIO_ODD_IRQHandler
 .text.BUS_RegBitRead
                0x0000000000002324       0x28 ./src/main.o
 .text.GPIO_PinInGet
                0x000000000000234c       0x54 ./src/main.o
 .text.main     0x00000000000023a0       0xc0 ./src/main.o
                0x00000000000023a0                main
 .text.sl_sleeptimer_init
                0x0000000000002460       0x94 ./src/sl_sleeptimer.o
                0x0000000000002460                sl_sleeptimer_init
 .text.sl_sleeptimer_stop_timer
                0x00000000000024f4       0x7c ./src/sl_sleeptimer.o
                0x00000000000024f4                sl_sleeptimer_stop_timer
 .text.process_timer_irq
                0x0000000000002570      0x174 ./src/sl_sleeptimer.o
                0x0000000000002570                process_timer_irq
 .text.delta_list_insert_timer
                0x00000000000026e4       0xb8 ./src/sl_sleeptimer.o
 .text.delta_list_remove_timer
                0x000000000000279c       0x7c ./src/sl_sleeptimer.o
 .text.set_comparator_for_next_timer
                0x0000000000002818       0x30 ./src/sl_sleeptimer.o
 .text.update_first_timer_delta
                0x0000000000002848       0x70 ./src/sl_sleeptimer.o
 .text.__NVIC_EnableIRQ
                0x00000000000028b8       0x38 ./src/sl_sleeptimer_hal_rtc.o
 .text.__NVIC_ClearPendingIRQ
                0x00000000000028f0       0x3c ./src/sl_sleeptimer_hal_rtc.o
 .text.RTC_CounterGet
                0x000000000000292c       0x14 ./src/sl_sleeptimer_hal_rtc.o
 .text.RTC_CounterSet
                0x0000000000002940       0x1c ./src/sl_sleeptimer_hal_rtc.o
 .text.RTC_IntClear
                0x000000000000295c       0x1c ./src/sl_sleeptimer_hal_rtc.o
 .text.RTC_IntDisable
                0x0000000000002978       0x24 ./src/sl_sleeptimer_hal_rtc.o
 .text.RTC_IntEnable
                0x000000000000299c       0x24 ./src/sl_sleeptimer_hal_rtc.o
 .text.RTC_IntGet
                0x00000000000029c0       0x14 ./src/sl_sleeptimer_hal_rtc.o
 .text.sleeptimer_hal_init_timer
                0x00000000000029d4       0x54 ./src/sl_sleeptimer_hal_rtc.o
                0x00000000000029d4                sleeptimer_hal_init_timer
 .text.sleeptimer_hal_get_counter
                0x0000000000002a28       0x44 ./src/sl_sleeptimer_hal_rtc.o
                0x0000000000002a28                sleeptimer_hal_get_counter
 .text.sleeptimer_hal_set_compare
                0x0000000000002a6c       0x90 ./src/sl_sleeptimer_hal_rtc.o
                0x0000000000002a6c                sleeptimer_hal_set_compare
 .text.sleeptimer_hal_enable_int
                0x0000000000002afc       0x58 ./src/sl_sleeptimer_hal_rtc.o
                0x0000000000002afc                sleeptimer_hal_enable_int
 .text.sleeptimer_hal_disable_int
                0x0000000000002b54       0x4c ./src/sl_sleeptimer_hal_rtc.o
                0x0000000000002b54                sleeptimer_hal_disable_int
 .text.sleeptimer_hal_get_timer_frequency
                0x0000000000002ba0       0x14 ./src/sl_sleeptimer_hal_rtc.o
                0x0000000000002ba0                sleeptimer_hal_get_timer_frequency
 .text.RTC_IRQHandler
                0x0000000000002bb4       0xb8 ./src/sl_sleeptimer_hal_rtc.o
                0x0000000000002bb4                RTC_IRQHandler
 .text.get_time_diff
                0x0000000000002c6c       0x1a ./src/sl_sleeptimer_hal_rtc.o
 *fill*         0x0000000000002c86        0x2 
 .text.SPIDRV_Init
                0x0000000000002c88      0x274 ./src/spidrv.o
                0x0000000000002c88                SPIDRV_Init
 .text.SPIDRV_MTransferSingleItemB
                0x0000000000002efc       0x90 ./src/spidrv.o
                0x0000000000002efc                SPIDRV_MTransferSingleItemB
 .text.BlockingComplete
                0x0000000000002f8c       0x24 ./src/spidrv.o
 .text.GetSpiPins
                0x0000000000002fb0      0x458 ./src/spidrv.o
 .text.ConfigGPIO
                0x0000000000003408      0x182 ./src/spidrv.o
 .text.RxDMAComplete
                0x000000000000358a       0x62 ./src/spidrv.o
 .text.StartTransferDMA
                0x00000000000035ec       0xd8 ./src/spidrv.o
 .text.WaitForTransferCompletion
                0x00000000000036c4       0x4a ./src/spidrv.o
 .text.TIMER_IntClear
                0x000000000000370e       0x1a ./src/ustimer.o
 .text.TIMER_IntGet
                0x0000000000003728       0x16 ./src/ustimer.o
 *fill*         0x000000000000373e        0x2 
 .text.TIMER0_IRQHandler
                0x0000000000003740       0x38 ./src/ustimer.o
                0x0000000000003740                TIMER0_IRQHandler
 .text          0x0000000000003778       0x30 /home/ruben/Simplicity/SimplicityStudio_v4/developer/toolchains/gnu_arm/7.2_2017q4/bin/../lib/gcc/arm-none-eabi/7.2.1/thumb/v7-m/libgcc.a(_aeabi_uldivmod.o)
                0x0000000000003778                __aeabi_uldivmod
 .text          0x00000000000037a8      0x2d0 /home/ruben/Simplicity/SimplicityStudio_v4/developer/toolchains/gnu_arm/7.2_2017q4/bin/../lib/gcc/arm-none-eabi/7.2.1/thumb/v7-m/libgcc.a(_udivmoddi4.o)
                0x00000000000037a8                __udivmoddi4
 .text          0x0000000000003a78        0x4 /home/ruben/Simplicity/SimplicityStudio_v4/developer/toolchains/gnu_arm/7.2_2017q4/bin/../lib/gcc/arm-none-eabi/7.2.1/thumb/v7-m/libgcc.a(_dvmd_tls.o)
                0x0000000000003a78                __aeabi_ldiv0
                0x0000000000003a78                __aeabi_idiv0
 .text.exit     0x0000000000003a7c       0x28 /home/ruben/Simplicity/SimplicityStudio_v4/developer/toolchains/gnu_arm/7.2_2017q4/bin/../lib/gcc/arm-none-eabi/7.2.1/../../../../arm-none-eabi/lib/thumb/v7-m/libc_nano.a(lib_a-exit.o)
                0x0000000000003a7c                exit
 .text.__libc_init_array
                0x0000000000003aa4       0x48 /home/ruben/Simplicity/SimplicityStudio_v4/developer/toolchains/gnu_arm/7.2_2017q4/bin/../lib/gcc/arm-none-eabi/7.2.1/../../../../arm-none-eabi/lib/thumb/v7-m/libc_nano.a(lib_a-init.o)
                0x0000000000003aa4                __libc_init_array
 .text.memset   0x0000000000003aec       0x10 /home/ruben/Simplicity/SimplicityStudio_v4/developer/toolchains/gnu_arm/7.2_2017q4/bin/../lib/gcc/arm-none-eabi/7.2.1/../../../../arm-none-eabi/lib/thumb/v7-m/libc_nano.a(lib_a-memset.o)
                0x0000000000003aec                memset
 .text._exit    0x0000000000003afc        0x4 /home/ruben/Simplicity/SimplicityStudio_v4/developer/toolchains/gnu_arm/7.2_2017q4/bin/../lib/gcc/arm-none-eabi/7.2.1/../../../../arm-none-eabi/lib/thumb/v7-m/libnosys.a(_exit.o)
                0x0000000000003afc                _exit
 *(.init)
 .init          0x0000000000003b00        0x4 /home/ruben/Simplicity/SimplicityStudio_v4/developer/toolchains/gnu_arm/7.2_2017q4/bin/../lib/gcc/arm-none-eabi/7.2.1/thumb/v7-m/crti.o
                0x0000000000003b00                _init
 .init          0x0000000000003b04        0x8 /home/ruben/Simplicity/SimplicityStudio_v4/developer/toolchains/gnu_arm/7.2_2017q4/bin/../lib/gcc/arm-none-eabi/7.2.1/thumb/v7-m/crtn.o
 *(.fini)
 .fini          0x0000000000003b0c        0x4 /home/ruben/Simplicity/SimplicityStudio_v4/developer/toolchains/gnu_arm/7.2_2017q4/bin/../lib/gcc/arm-none-eabi/7.2.1/thumb/v7-m/crti.o
                0x0000000000003b0c                _fini
 .fini          0x0000000000003b10        0x8 /home/ruben/Simplicity/SimplicityStudio_v4/developer/toolchains/gnu_arm/7.2_2017q4/bin/../lib/gcc/arm-none-eabi/7.2.1/thumb/v7-m/crtn.o
 *crtbegin.o(.ctors)
 *crtbegin?.o(.ctors)
 *(EXCLUDE_FILE(*crtend.o *crtend?.o) .ctors)
 *(SORT_BY_NAME(.ctors.*))
 *(.ctors)
 *crtbegin.o(.dtors)
 *crtbegin?.o(.dtors)
 *(EXCLUDE_FILE(*crtend.o *crtend?.o) .dtors)
 *(SORT_BY_NAME(.dtors.*))
 *(.dtors)
 *(.rodata*)
 .rodata        0x0000000000003b18       0x1c ./src/main.o
 .rodata        0x0000000000003b34       0x18 ./src/spidrv.o
 .rodata._global_impure_ptr
                0x0000000000003b4c        0x4 /home/ruben/Simplicity/SimplicityStudio_v4/developer/toolchains/gnu_arm/7.2_2017q4/bin/../lib/gcc/arm-none-eabi/7.2.1/../../../../arm-none-eabi/lib/thumb/v7-m/libc_nano.a(lib_a-impure.o)
                0x0000000000003b4c                _global_impure_ptr
 *(.eh_frame*)
 .eh_frame      0x0000000000003b50        0x0 /home/ruben/Simplicity/SimplicityStudio_v4/developer/toolchains/gnu_arm/7.2_2017q4/bin/../lib/gcc/arm-none-eabi/7.2.1/thumb/v7-m/crtbegin.o
 .eh_frame      0x0000000000003b50        0x4 /home/ruben/Simplicity/SimplicityStudio_v4/developer/toolchains/gnu_arm/7.2_2017q4/bin/../lib/gcc/arm-none-eabi/7.2.1/thumb/v7-m/crtend.o

.glue_7         0x0000000000003b54        0x0
 .glue_7        0x0000000000003b54        0x0 linker stubs

.glue_7t        0x0000000000003b54        0x0
 .glue_7t       0x0000000000003b54        0x0 linker stubs

.vfp11_veneer   0x0000000000003b54        0x0
 .vfp11_veneer  0x0000000000003b54        0x0 linker stubs

.v4_bx          0x0000000000003b54        0x0
 .v4_bx         0x0000000000003b54        0x0 linker stubs

.iplt           0x0000000000003b54        0x0
 .iplt          0x0000000000003b54        0x0 /home/ruben/Simplicity/SimplicityStudio_v4/developer/toolchains/gnu_arm/7.2_2017q4/bin/../lib/gcc/arm-none-eabi/7.2.1/thumb/v7-m/crtbegin.o

.ARM.extab
 *(.ARM.extab* .gnu.linkonce.armextab.*)
                0x0000000000003b54                __exidx_start = .

.ARM.exidx      0x0000000000003b54        0x8
 *(.ARM.exidx* .gnu.linkonce.armexidx.*)
 .ARM.exidx     0x0000000000003b54        0x8 /home/ruben/Simplicity/SimplicityStudio_v4/developer/toolchains/gnu_arm/7.2_2017q4/bin/../lib/gcc/arm-none-eabi/7.2.1/../../../../arm-none-eabi/lib/thumb/v7-m/crt0.o
 .ARM.exidx     0x0000000000003b5c        0x0 /home/ruben/Simplicity/SimplicityStudio_v4/developer/toolchains/gnu_arm/7.2_2017q4/bin/../lib/gcc/arm-none-eabi/7.2.1/thumb/v7-m/libgcc.a(_udivmoddi4.o)
                                          0x8 (size before relaxing)
                0x0000000000003b5c                __exidx_end = .
                0x0000000000003b5c                __etext = .

.rel.dyn        0x0000000000003b5c        0x0
 .rel.iplt      0x0000000000003b5c        0x0 /home/ruben/Simplicity/SimplicityStudio_v4/developer/toolchains/gnu_arm/7.2_2017q4/bin/../lib/gcc/arm-none-eabi/7.2.1/thumb/v7-m/crtbegin.o

.data           0x0000000020000000       0x7c load address 0x0000000000003b5c
                0x0000000020000000                __data_start__ = .
 *(vtable)
 *(.data*)
 .data.SystemHFXOClock
                0x0000000020000000        0x4 ./CMSIS/EFM32GG/system_efm32gg.o
 .data.SystemLFXOClock
                0x0000000020000004        0x4 ./CMSIS/EFM32GG/system_efm32gg.o
 .data.SystemCoreClock
                0x0000000020000008        0x4 ./CMSIS/EFM32GG/system_efm32gg.o
                0x0000000020000008                SystemCoreClock
 .data.handle   0x000000002000000c        0x4 ./src/main.o
                0x000000002000000c                handle
 .data.comp_int_disabled
                0x0000000020000010        0x1 ./src/sl_sleeptimer_hal_rtc.o
 *fill*         0x0000000020000011        0x3 
 .data.impure_data
                0x0000000020000014       0x60 /home/ruben/Simplicity/SimplicityStudio_v4/developer/toolchains/gnu_arm/7.2_2017q4/bin/../lib/gcc/arm-none-eabi/7.2.1/../../../../arm-none-eabi/lib/thumb/v7-m/libc_nano.a(lib_a-impure.o)
                0x0000000020000074                . = ALIGN (0x4)
                [!provide]                        PROVIDE (__ram_func_section_start, .)
 *(.ram)
                [!provide]                        PROVIDE (__ram_func_section_end, .)
                0x0000000020000074                . = ALIGN (0x4)
                0x0000000020000074                PROVIDE (__preinit_array_start, .)
 *(.preinit_array)
                0x0000000020000074                PROVIDE (__preinit_array_end, .)
                0x0000000020000074                . = ALIGN (0x4)
                0x0000000020000074                PROVIDE (__init_array_start, .)
 *(SORT_BY_NAME(.init_array.*))
 *(.init_array)
 .init_array    0x0000000020000074        0x4 /home/ruben/Simplicity/SimplicityStudio_v4/developer/toolchains/gnu_arm/7.2_2017q4/bin/../lib/gcc/arm-none-eabi/7.2.1/thumb/v7-m/crtbegin.o
                0x0000000020000078                PROVIDE (__init_array_end, .)
                0x0000000020000078                . = ALIGN (0x4)
                [!provide]                        PROVIDE (__fini_array_start, .)
 *(SORT_BY_NAME(.fini_array.*))
 *(.fini_array)
 .fini_array    0x0000000020000078        0x4 /home/ruben/Simplicity/SimplicityStudio_v4/developer/toolchains/gnu_arm/7.2_2017q4/bin/../lib/gcc/arm-none-eabi/7.2.1/thumb/v7-m/crtbegin.o
                [!provide]                        PROVIDE (__fini_array_end, .)
 *(.jcr*)
                0x000000002000007c                . = ALIGN (0x4)
                0x000000002000007c                __data_end__ = .

.igot.plt       0x000000002000007c        0x0 load address 0x0000000000003bd8
 .igot.plt      0x000000002000007c        0x0 /home/ruben/Simplicity/SimplicityStudio_v4/developer/toolchains/gnu_arm/7.2_2017q4/bin/../lib/gcc/arm-none-eabi/7.2.1/thumb/v7-m/crtbegin.o

.bss            0x0000000020000100      0x570 load address 0x0000000000003d00
                0x0000000020000100                . = ALIGN (0x4)
                0x0000000020000100                __bss_start__ = .
 *(.bss*)
 .bss           0x0000000020000100       0x1c /home/ruben/Simplicity/SimplicityStudio_v4/developer/toolchains/gnu_arm/7.2_2017q4/bin/../lib/gcc/arm-none-eabi/7.2.1/thumb/v7-m/crtbegin.o
 .bss.initialized
                0x000000002000011c        0x1 ./src/dmadrv.o
 *fill*         0x000000002000011d        0x3 
 .bss.chTable   0x0000000020000120       0xf0 ./src/dmadrv.o
 .bss.dmaCallBack
                0x0000000020000210       0x90 ./src/dmadrv.o
 .bss.gpioCallbacks
                0x00000000200002a0       0x40 ./src/gpiointerrupt.o
 .bss.overflow_counter
                0x00000000200002e0        0x2 ./src/sl_sleeptimer.o
 *fill*         0x00000000200002e2        0x2 
 .bss.timer_frequency
                0x00000000200002e4        0x4 ./src/sl_sleeptimer.o
 .bss.timer_head
                0x00000000200002e8        0x4 ./src/sl_sleeptimer.o
 .bss.last_delta_update_count
                0x00000000200002ec        0x4 ./src/sl_sleeptimer.o
 .bss.is_sleeptimer_initialized
                0x00000000200002f0        0x1 ./src/sl_sleeptimer.o
 *fill*         0x00000000200002f1        0x3 
 .bss.max_millisecond_conversion
                0x00000000200002f4        0x4 ./src/sl_sleeptimer.o
 .bss.rtc_overflow_count
                0x00000000200002f8        0x1 ./src/sl_sleeptimer_hal_rtc.o
 *fill*         0x00000000200002f9        0x3 
 .bss.compare_value_32
                0x00000000200002fc        0x4 ./src/sl_sleeptimer_hal_rtc.o
 .bss.spidrvIsInitialized
                0x0000000020000300        0x1 ./src/spidrv.o
 .bss.timeElapsed
                0x0000000020000301        0x1 ./src/ustimer.o
 *(COMMON)
 *fill*         0x0000000020000302       0xfe 
 COMMON         0x0000000020000400      0x200 ./src/dmactrl.o
                0x0000000020000400                dmaControlBlock
 COMMON         0x0000000020000600       0x70 ./src/main.o
                0x0000000020000600                handleData
                0x0000000020000670                . = ALIGN (0x4)
                0x0000000020000670                __bss_end__ = .

.heap           0x0000000020000670      0xc00
                0x0000000020000670                __HeapBase = .
                0x0000000020000670                __end__ = .
                0x0000000020000670                end = __end__
                0x0000000020000670                _end = __end__
 *(.heap*)
 .heap          0x0000000020000670      0xc00 ./CMSIS/EFM32GG/startup_efm32gg.o
                0x0000000020001270                __HeapLimit = .

.stack_dummy    0x0000000020000670      0x400
 *(.stack*)
 .stack         0x0000000020000670      0x400 ./CMSIS/EFM32GG/startup_efm32gg.o
                0x0000000020020000                __StackTop = (ORIGIN (RAM) + LENGTH (RAM))
                0x000000002001fc00                __StackLimit = (__StackTop - SIZEOF (.stack_dummy))
                0x0000000020020000                PROVIDE (__stack, __StackTop)
                0x0000000000000001                ASSERT ((__StackLimit >= __HeapLimit), region RAM overflowed with stack)
                0x0000000000000001                ASSERT ((LENGTH (FLASH) >= (__etext + SIZEOF (.data))), FLASH memory overflowed !)
OUTPUT(Even_Another_SPI_Project.axf elf32-littlearm)

.ARM.attributes
                0x0000000000000000       0x29
 .ARM.attributes
                0x0000000000000000       0x1d /home/ruben/Simplicity/SimplicityStudio_v4/developer/toolchains/gnu_arm/7.2_2017q4/bin/../lib/gcc/arm-none-eabi/7.2.1/thumb/v7-m/crti.o
 .ARM.attributes
                0x000000000000001d       0x2d /home/ruben/Simplicity/SimplicityStudio_v4/developer/toolchains/gnu_arm/7.2_2017q4/bin/../lib/gcc/arm-none-eabi/7.2.1/thumb/v7-m/crtbegin.o
 .ARM.attributes
                0x000000000000004a       0x1b /home/ruben/Simplicity/SimplicityStudio_v4/developer/toolchains/gnu_arm/7.2_2017q4/bin/../lib/gcc/arm-none-eabi/7.2.1/../../../../arm-none-eabi/lib/thumb/v7-m/crt0.o
 .ARM.attributes
                0x0000000000000065       0x1b ./CMSIS/EFM32GG/startup_efm32gg.o
 .ARM.attributes
                0x0000000000000080       0x33 ./CMSIS/EFM32GG/system_efm32gg.o
 .ARM.attributes
                0x00000000000000b3       0x33 ./src/dmactrl.o
 .ARM.attributes
                0x00000000000000e6       0x33 ./src/dmadrv.o
 .ARM.attributes
                0x0000000000000119       0x33 ./src/em_cmu.o
 .ARM.attributes
                0x000000000000014c       0x33 ./src/em_core.o
 .ARM.attributes
                0x000000000000017f       0x33 ./src/em_dma.o
 .ARM.attributes
                0x00000000000001b2       0x33 ./src/em_gpio.o
 .ARM.attributes
                0x00000000000001e5       0x33 ./src/em_rtc.o
 .ARM.attributes
                0x0000000000000218       0x33 ./src/em_usart.o
 .ARM.attributes
                0x000000000000024b       0x33 ./src/gpiointerrupt.o
 .ARM.attributes
                0x000000000000027e       0x33 ./src/main.o
 .ARM.attributes
                0x00000000000002b1       0x33 ./src/sl_sleeptimer.o
 .ARM.attributes
                0x00000000000002e4       0x33 ./src/sl_sleeptimer_hal_rtc.o
 .ARM.attributes
                0x0000000000000317       0x33 ./src/spidrv.o
 .ARM.attributes
                0x000000000000034a       0x33 ./src/ustimer.o
 .ARM.attributes
                0x000000000000037d       0x1d /home/ruben/Simplicity/SimplicityStudio_v4/developer/toolchains/gnu_arm/7.2_2017q4/bin/../lib/gcc/arm-none-eabi/7.2.1/thumb/v7-m/libgcc.a(_aeabi_uldivmod.o)
 .ARM.attributes
                0x000000000000039a       0x2d /home/ruben/Simplicity/SimplicityStudio_v4/developer/toolchains/gnu_arm/7.2_2017q4/bin/../lib/gcc/arm-none-eabi/7.2.1/thumb/v7-m/libgcc.a(_udivmoddi4.o)
 .ARM.attributes
                0x00000000000003c7       0x1d /home/ruben/Simplicity/SimplicityStudio_v4/developer/toolchains/gnu_arm/7.2_2017q4/bin/../lib/gcc/arm-none-eabi/7.2.1/thumb/v7-m/libgcc.a(_dvmd_tls.o)
 .ARM.attributes
                0x00000000000003e4       0x2d /home/ruben/Simplicity/SimplicityStudio_v4/developer/toolchains/gnu_arm/7.2_2017q4/bin/../lib/gcc/arm-none-eabi/7.2.1/../../../../arm-none-eabi/lib/thumb/v7-m/libc_nano.a(lib_a-exit.o)
 .ARM.attributes
                0x0000000000000411       0x2d /home/ruben/Simplicity/SimplicityStudio_v4/developer/toolchains/gnu_arm/7.2_2017q4/bin/../lib/gcc/arm-none-eabi/7.2.1/../../../../arm-none-eabi/lib/thumb/v7-m/libc_nano.a(lib_a-impure.o)
 .ARM.attributes
                0x000000000000043e       0x2d /home/ruben/Simplicity/SimplicityStudio_v4/developer/toolchains/gnu_arm/7.2_2017q4/bin/../lib/gcc/arm-none-eabi/7.2.1/../../../../arm-none-eabi/lib/thumb/v7-m/libc_nano.a(lib_a-init.o)
 .ARM.attributes
                0x000000000000046b       0x2d /home/ruben/Simplicity/SimplicityStudio_v4/developer/toolchains/gnu_arm/7.2_2017q4/bin/../lib/gcc/arm-none-eabi/7.2.1/../../../../arm-none-eabi/lib/thumb/v7-m/libc_nano.a(lib_a-memset.o)
 .ARM.attributes
                0x0000000000000498       0x2d /home/ruben/Simplicity/SimplicityStudio_v4/developer/toolchains/gnu_arm/7.2_2017q4/bin/../lib/gcc/arm-none-eabi/7.2.1/../../../../arm-none-eabi/lib/thumb/v7-m/libnosys.a(_exit.o)
 .ARM.attributes
                0x00000000000004c5       0x2d /home/ruben/Simplicity/SimplicityStudio_v4/developer/toolchains/gnu_arm/7.2_2017q4/bin/../lib/gcc/arm-none-eabi/7.2.1/thumb/v7-m/crtend.o
 .ARM.attributes
                0x00000000000004f2       0x1d /home/ruben/Simplicity/SimplicityStudio_v4/developer/toolchains/gnu_arm/7.2_2017q4/bin/../lib/gcc/arm-none-eabi/7.2.1/thumb/v7-m/crtn.o

.comment        0x0000000000000000       0x7e
 .comment       0x0000000000000000       0x7e ./CMSIS/EFM32GG/system_efm32gg.o
                                         0x7f (size before relaxing)
 .comment       0x000000000000007e       0x7f ./src/dmactrl.o
 .comment       0x000000000000007e       0x7f ./src/dmadrv.o
 .comment       0x000000000000007e       0x7f ./src/em_cmu.o
 .comment       0x000000000000007e       0x7f ./src/em_core.o
 .comment       0x000000000000007e       0x7f ./src/em_dma.o
 .comment       0x000000000000007e       0x7f ./src/em_gpio.o
 .comment       0x000000000000007e       0x7f ./src/em_rtc.o
 .comment       0x000000000000007e       0x7f ./src/em_usart.o
 .comment       0x000000000000007e       0x7f ./src/gpiointerrupt.o
 .comment       0x000000000000007e       0x7f ./src/main.o
 .comment       0x000000000000007e       0x7f ./src/sl_sleeptimer.o
 .comment       0x000000000000007e       0x7f ./src/sl_sleeptimer_hal_rtc.o
 .comment       0x000000000000007e       0x7f ./src/spidrv.o
 .comment       0x000000000000007e       0x7f ./src/ustimer.o

.debug_line     0x0000000000000000     0xb46f
 .debug_line    0x0000000000000000       0xdb ./CMSIS/EFM32GG/startup_efm32gg.o
 .debug_line    0x00000000000000db      0xa18 ./CMSIS/EFM32GG/system_efm32gg.o
 .debug_line    0x0000000000000af3      0x8d8 ./src/dmactrl.o
 .debug_line    0x00000000000013cb      0xbd1 ./src/dmadrv.o
 .debug_line    0x0000000000001f9c     0x11a1 ./src/em_cmu.o
 .debug_line    0x000000000000313d      0xc3e ./src/em_core.o
 .debug_line    0x0000000000003d7b      0xbc0 ./src/em_dma.o
 .debug_line    0x000000000000493b      0xac8 ./src/em_gpio.o
 .debug_line    0x0000000000005403      0x99e ./src/em_rtc.o
 .debug_line    0x0000000000005da1      0xc8f ./src/em_usart.o
 .debug_line    0x0000000000006a30      0x9f2 ./src/gpiointerrupt.o
 .debug_line    0x0000000000007422      0x9cd ./src/main.o
 .debug_line    0x0000000000007def      0xcb3 ./src/sl_sleeptimer.o
 .debug_line    0x0000000000008aa2      0xb2a ./src/sl_sleeptimer_hal_rtc.o
 .debug_line    0x00000000000095cc     0x1324 ./src/spidrv.o
 .debug_line    0x000000000000a8f0      0xb7f ./src/ustimer.o

.debug_info     0x0000000000000000    0x15437
 .debug_info    0x0000000000000000       0x26 ./CMSIS/EFM32GG/startup_efm32gg.o
 .debug_info    0x0000000000000026     0x10c6 ./CMSIS/EFM32GG/system_efm32gg.o
 .debug_info    0x00000000000010ec      0xaab ./src/dmactrl.o
 .debug_info    0x0000000000001b97     0x20f4 ./src/dmadrv.o
 .debug_info    0x0000000000003c8b     0x1f1c ./src/em_cmu.o
 .debug_info    0x0000000000005ba7     0x1698 ./src/em_core.o
 .debug_info    0x000000000000723f     0x1c98 ./src/em_dma.o
 .debug_info    0x0000000000008ed7      0xfec ./src/em_gpio.o
 .debug_info    0x0000000000009ec3      0xc97 ./src/em_rtc.o
 .debug_info    0x000000000000ab5a     0x1848 ./src/em_usart.o
 .debug_info    0x000000000000c3a2     0x1114 ./src/gpiointerrupt.o
 .debug_info    0x000000000000d4b6     0x16bd ./src/main.o
 .debug_info    0x000000000000eb73     0x145d ./src/sl_sleeptimer.o
 .debug_info    0x000000000000ffd0     0x12c6 ./src/sl_sleeptimer_hal_rtc.o
 .debug_info    0x0000000000011296     0x270d ./src/spidrv.o
 .debug_info    0x00000000000139a3     0x1a94 ./src/ustimer.o

.debug_abbrev   0x0000000000000000     0x2b55
 .debug_abbrev  0x0000000000000000       0x14 ./CMSIS/EFM32GG/startup_efm32gg.o
 .debug_abbrev  0x0000000000000014      0x27f ./CMSIS/EFM32GG/system_efm32gg.o
 .debug_abbrev  0x0000000000000293      0x1a8 ./src/dmactrl.o
 .debug_abbrev  0x000000000000043b      0x337 ./src/dmadrv.o
 .debug_abbrev  0x0000000000000772      0x381 ./src/em_cmu.o
 .debug_abbrev  0x0000000000000af3      0x318 ./src/em_core.o
 .debug_abbrev  0x0000000000000e0b      0x32d ./src/em_dma.o
 .debug_abbrev  0x0000000000001138      0x2b3 ./src/em_gpio.o
 .debug_abbrev  0x00000000000013eb      0x28c ./src/em_rtc.o
 .debug_abbrev  0x0000000000001677      0x2b3 ./src/em_usart.o
 .debug_abbrev  0x000000000000192a      0x311 ./src/gpiointerrupt.o
 .debug_abbrev  0x0000000000001c3b      0x29a ./src/main.o
 .debug_abbrev  0x0000000000001ed5      0x305 ./src/sl_sleeptimer.o
 .debug_abbrev  0x00000000000021da      0x315 ./src/sl_sleeptimer_hal_rtc.o
 .debug_abbrev  0x00000000000024ef      0x331 ./src/spidrv.o
 .debug_abbrev  0x0000000000002820      0x335 ./src/ustimer.o

.debug_aranges  0x0000000000000000      0xa50
 .debug_aranges
                0x0000000000000000       0x20 ./CMSIS/EFM32GG/startup_efm32gg.o
 .debug_aranges
                0x0000000000000020       0x70 ./CMSIS/EFM32GG/system_efm32gg.o
 .debug_aranges
                0x0000000000000090       0x18 ./src/dmactrl.o
 .debug_aranges
                0x00000000000000a8       0xb8 ./src/dmadrv.o
 .debug_aranges
                0x0000000000000160      0x180 ./src/em_cmu.o
 .debug_aranges
                0x00000000000002e0       0xe8 ./src/em_core.o
 .debug_aranges
                0x00000000000003c8       0xc0 ./src/em_dma.o
 .debug_aranges
                0x0000000000000488       0x78 ./src/em_gpio.o
 .debug_aranges
                0x0000000000000500       0x58 ./src/em_rtc.o
 .debug_aranges
                0x0000000000000558       0xd0 ./src/em_usart.o
 .debug_aranges
                0x0000000000000628       0x68 ./src/gpiointerrupt.o
 .debug_aranges
                0x0000000000000690       0x30 ./src/main.o
 .debug_aranges
                0x00000000000006c0       0xf0 ./src/sl_sleeptimer.o
 .debug_aranges
                0x00000000000007b0       0xa8 ./src/sl_sleeptimer_hal_rtc.o
 .debug_aranges
                0x0000000000000858      0x138 ./src/spidrv.o
 .debug_aranges
                0x0000000000000990       0xc0 ./src/ustimer.o

.debug_str      0x0000000000000000    0xe22eb
 .debug_str     0x0000000000000000       0xf9 ./CMSIS/EFM32GG/startup_efm32gg.o
 .debug_str     0x00000000000000f9    0xd64ff ./CMSIS/EFM32GG/system_efm32gg.o
                                      0xd6c73 (size before relaxing)
 .debug_str     0x00000000000d65f8      0x30e ./src/dmactrl.o
                                      0xd6b6a (size before relaxing)
 .debug_str     0x00000000000d6906     0x2b8d ./src/dmadrv.o
                                      0xd9805 (size before relaxing)
 .debug_str     0x00000000000d9493      0xfdc ./src/em_cmu.o
                                      0xd914f (size before relaxing)
 .debug_str     0x00000000000da46f      0x36a ./src/em_core.o
                                      0xd77bb (size before relaxing)
 .debug_str     0x00000000000da7d9      0x2b7 ./src/em_dma.o
                                      0xd8884 (size before relaxing)
 .debug_str     0x00000000000daa90      0x454 ./src/em_gpio.o
                                      0xd73c9 (size before relaxing)
 .debug_str     0x00000000000daee4      0x130 ./src/em_rtc.o
                                      0xd69dd (size before relaxing)
 .debug_str     0x00000000000db014      0xd95 ./src/em_usart.o
                                      0xd8d2c (size before relaxing)
 .debug_str     0x00000000000dbda9       0xef ./src/gpiointerrupt.o
                                      0xd7c7e (size before relaxing)
 .debug_str     0x00000000000dbe98     0x4930 ./src/main.o
                                      0xdd4a7 (size before relaxing)
 .debug_str     0x00000000000e07c8      0x97f ./src/sl_sleeptimer.o
                                      0xdb6df (size before relaxing)
 .debug_str     0x00000000000e1147      0x29f ./src/sl_sleeptimer_hal_rtc.o
                                      0xdc7c9 (size before relaxing)
 .debug_str     0x00000000000e13e6      0x396 ./src/spidrv.o
                                      0xde6bc (size before relaxing)
 .debug_str     0x00000000000e177c      0xb6f ./src/ustimer.o
                                      0xd95dc (size before relaxing)

.debug_loc      0x0000000000000000     0x5ac1
 .debug_loc     0x0000000000000000      0x31c ./CMSIS/EFM32GG/system_efm32gg.o
 .debug_loc     0x000000000000031c      0x665 ./src/dmadrv.o
 .debug_loc     0x0000000000000981      0xe4c ./src/em_cmu.o
 .debug_loc     0x00000000000017cd      0x88c ./src/em_core.o
 .debug_loc     0x0000000000002059      0x72c ./src/em_dma.o
 .debug_loc     0x0000000000002785      0x420 ./src/em_gpio.o
 .debug_loc     0x0000000000002ba5      0x28c ./src/em_rtc.o
 .debug_loc     0x0000000000002e31      0x7da ./src/em_usart.o
 .debug_loc     0x000000000000360b      0x338 ./src/gpiointerrupt.o
 .debug_loc     0x0000000000003943       0xe4 ./src/main.o
 .debug_loc     0x0000000000003a27      0x8a1 ./src/sl_sleeptimer.o
 .debug_loc     0x00000000000042c8      0x5ac ./src/sl_sleeptimer_hal_rtc.o
 .debug_loc     0x0000000000004874      0xb75 ./src/spidrv.o
 .debug_loc     0x00000000000053e9      0x6d8 ./src/ustimer.o

.debug_ranges   0x0000000000000000      0x938
 .debug_ranges  0x0000000000000000       0x60 ./CMSIS/EFM32GG/system_efm32gg.o
 .debug_ranges  0x0000000000000060       0xa8 ./src/dmadrv.o
 .debug_ranges  0x0000000000000108      0x170 ./src/em_cmu.o
 .debug_ranges  0x0000000000000278       0xd8 ./src/em_core.o
 .debug_ranges  0x0000000000000350       0xb0 ./src/em_dma.o
 .debug_ranges  0x0000000000000400       0x68 ./src/em_gpio.o
 .debug_ranges  0x0000000000000468       0x48 ./src/em_rtc.o
 .debug_ranges  0x00000000000004b0       0xc0 ./src/em_usart.o
 .debug_ranges  0x0000000000000570       0x58 ./src/gpiointerrupt.o
 .debug_ranges  0x00000000000005c8       0x20 ./src/main.o
 .debug_ranges  0x00000000000005e8       0xe0 ./src/sl_sleeptimer.o
 .debug_ranges  0x00000000000006c8       0x98 ./src/sl_sleeptimer_hal_rtc.o
 .debug_ranges  0x0000000000000760      0x128 ./src/spidrv.o
 .debug_ranges  0x0000000000000888       0xb0 ./src/ustimer.o

.debug_macro    0x0000000000000000    0x2802d
 .debug_macro   0x0000000000000000      0x3bb ./CMSIS/EFM32GG/system_efm32gg.o
 .debug_macro   0x00000000000003bb      0xa48 ./CMSIS/EFM32GG/system_efm32gg.o
 .debug_macro   0x0000000000000e03      0x39b ./CMSIS/EFM32GG/system_efm32gg.o
 .debug_macro   0x000000000000119e       0x22 ./CMSIS/EFM32GG/system_efm32gg.o
 .debug_macro   0x00000000000011c0       0x4f ./CMSIS/EFM32GG/system_efm32gg.o
 .debug_macro   0x000000000000120f       0x51 ./CMSIS/EFM32GG/system_efm32gg.o
 .debug_macro   0x0000000000001260       0xef ./CMSIS/EFM32GG/system_efm32gg.o
 .debug_macro   0x000000000000134f       0x6a ./CMSIS/EFM32GG/system_efm32gg.o
 .debug_macro   0x00000000000013b9      0x1df ./CMSIS/EFM32GG/system_efm32gg.o
 .debug_macro   0x0000000000001598       0x1c ./CMSIS/EFM32GG/system_efm32gg.o
 .debug_macro   0x00000000000015b4       0x22 ./CMSIS/EFM32GG/system_efm32gg.o
 .debug_macro   0x00000000000015d6       0xc3 ./CMSIS/EFM32GG/system_efm32gg.o
 .debug_macro   0x0000000000001699      0xe18 ./CMSIS/EFM32GG/system_efm32gg.o
 .debug_macro   0x00000000000024b1       0xe2 ./CMSIS/EFM32GG/system_efm32gg.o
 .debug_macro   0x0000000000002593     0x2869 ./CMSIS/EFM32GG/system_efm32gg.o
 .debug_macro   0x0000000000004dfc      0x39e ./CMSIS/EFM32GG/system_efm32gg.o
 .debug_macro   0x000000000000519a     0x3f12 ./CMSIS/EFM32GG/system_efm32gg.o
 .debug_macro   0x00000000000090ac      0x9a4 ./CMSIS/EFM32GG/system_efm32gg.o
 .debug_macro   0x0000000000009a50      0x6eb ./CMSIS/EFM32GG/system_efm32gg.o
 .debug_macro   0x000000000000a13b      0x283 ./CMSIS/EFM32GG/system_efm32gg.o
 .debug_macro   0x000000000000a3be     0x1e37 ./CMSIS/EFM32GG/system_efm32gg.o
 .debug_macro   0x000000000000c1f5     0x30cb ./CMSIS/EFM32GG/system_efm32gg.o
 .debug_macro   0x000000000000f2c0      0x37f ./CMSIS/EFM32GG/system_efm32gg.o
 .debug_macro   0x000000000000f63f      0x855 ./CMSIS/EFM32GG/system_efm32gg.o
 .debug_macro   0x000000000000fe94     0x230f ./CMSIS/EFM32GG/system_efm32gg.o
 .debug_macro   0x00000000000121a3     0x1bf6 ./CMSIS/EFM32GG/system_efm32gg.o
 .debug_macro   0x0000000000013d99     0x1709 ./CMSIS/EFM32GG/system_efm32gg.o
 .debug_macro   0x00000000000154a2      0x6d8 ./CMSIS/EFM32GG/system_efm32gg.o
 .debug_macro   0x0000000000015b7a     0x106a ./CMSIS/EFM32GG/system_efm32gg.o
 .debug_macro   0x0000000000016be4     0x1d83 ./CMSIS/EFM32GG/system_efm32gg.o
 .debug_macro   0x0000000000018967      0x33d ./CMSIS/EFM32GG/system_efm32gg.o
 .debug_macro   0x0000000000018ca4      0xa66 ./CMSIS/EFM32GG/system_efm32gg.o
 .debug_macro   0x000000000001970a      0xfe0 ./CMSIS/EFM32GG/system_efm32gg.o
 .debug_macro   0x000000000001a6ea      0x894 ./CMSIS/EFM32GG/system_efm32gg.o
 .debug_macro   0x000000000001af7e      0xf85 ./CMSIS/EFM32GG/system_efm32gg.o
 .debug_macro   0x000000000001bf03     0x12a5 ./CMSIS/EFM32GG/system_efm32gg.o
 .debug_macro   0x000000000001d1a8      0xc4a ./CMSIS/EFM32GG/system_efm32gg.o
 .debug_macro   0x000000000001ddf2      0x74d ./CMSIS/EFM32GG/system_efm32gg.o
 .debug_macro   0x000000000001e53f      0x1c9 ./CMSIS/EFM32GG/system_efm32gg.o
 .debug_macro   0x000000000001e708     0x1041 ./CMSIS/EFM32GG/system_efm32gg.o
 .debug_macro   0x000000000001f749      0x280 ./CMSIS/EFM32GG/system_efm32gg.o
 .debug_macro   0x000000000001f9c9       0x40 ./CMSIS/EFM32GG/system_efm32gg.o
 .debug_macro   0x000000000001fa09      0x250 ./CMSIS/EFM32GG/system_efm32gg.o
 .debug_macro   0x000000000001fc59      0x1f0 ./CMSIS/EFM32GG/system_efm32gg.o
 .debug_macro   0x000000000001fe49      0x166 ./CMSIS/EFM32GG/system_efm32gg.o
 .debug_macro   0x000000000001ffaf      0x252 ./CMSIS/EFM32GG/system_efm32gg.o
 .debug_macro   0x0000000000020201     0x1bd7 ./CMSIS/EFM32GG/system_efm32gg.o
 .debug_macro   0x0000000000021dd8       0x2e ./CMSIS/EFM32GG/system_efm32gg.o
 .debug_macro   0x0000000000021e06      0x427 ./CMSIS/EFM32GG/system_efm32gg.o
 .debug_macro   0x000000000002222d      0x427 ./CMSIS/EFM32GG/system_efm32gg.o
 .debug_macro   0x0000000000022654       0x4c ./CMSIS/EFM32GG/system_efm32gg.o
 .debug_macro   0x00000000000226a0       0x10 ./CMSIS/EFM32GG/system_efm32gg.o
 .debug_macro   0x00000000000226b0       0x58 ./CMSIS/EFM32GG/system_efm32gg.o
 .debug_macro   0x0000000000022708       0x17 ./CMSIS/EFM32GG/system_efm32gg.o
 .debug_macro   0x000000000002271f       0x35 ./CMSIS/EFM32GG/system_efm32gg.o
 .debug_macro   0x0000000000022754       0x9c ./CMSIS/EFM32GG/system_efm32gg.o
 .debug_macro   0x00000000000227f0       0x16 ./CMSIS/EFM32GG/system_efm32gg.o
 .debug_macro   0x0000000000022806       0x97 ./CMSIS/EFM32GG/system_efm32gg.o
 .debug_macro   0x000000000002289d      0x34d ./CMSIS/EFM32GG/system_efm32gg.o
 .debug_macro   0x0000000000022bea       0xf6 ./CMSIS/EFM32GG/system_efm32gg.o
 .debug_macro   0x0000000000022ce0       0x10 ./CMSIS/EFM32GG/system_efm32gg.o
 .debug_macro   0x0000000000022cf0       0x58 ./CMSIS/EFM32GG/system_efm32gg.o
 .debug_macro   0x0000000000022d48       0x1f ./CMSIS/EFM32GG/system_efm32gg.o
 .debug_macro   0x0000000000022d67       0x43 ./CMSIS/EFM32GG/system_efm32gg.o
 .debug_macro   0x0000000000022daa       0x20 ./CMSIS/EFM32GG/system_efm32gg.o
 .debug_macro   0x0000000000022dca      0x18e ./CMSIS/EFM32GG/system_efm32gg.o
 .debug_macro   0x0000000000022f58       0x10 ./CMSIS/EFM32GG/system_efm32gg.o
 .debug_macro   0x0000000000022f68       0xb6 ./CMSIS/EFM32GG/system_efm32gg.o
 .debug_macro   0x000000000002301e       0x16 ./CMSIS/EFM32GG/system_efm32gg.o
 .debug_macro   0x0000000000023034      0x129 ./CMSIS/EFM32GG/system_efm32gg.o
 .debug_macro   0x000000000002315d       0x22 ./CMSIS/EFM32GG/system_efm32gg.o
 .debug_macro   0x000000000002317f       0x1c ./CMSIS/EFM32GG/system_efm32gg.o
 .debug_macro   0x000000000002319b       0x3a ./CMSIS/EFM32GG/system_efm32gg.o
 .debug_macro   0x00000000000231d5      0x3cb ./src/dmactrl.o
 .debug_macro   0x00000000000235a0       0x10 ./src/dmactrl.o
 .debug_macro   0x00000000000235b0       0x63 ./src/dmactrl.o
 .debug_macro   0x0000000000023613      0x3ec ./src/dmadrv.o
 .debug_macro   0x00000000000239ff       0xcc ./src/dmadrv.o
 .debug_macro   0x0000000000023acb       0x69 ./src/dmadrv.o
 .debug_macro   0x0000000000023b34      0x33e ./src/dmadrv.o
 .debug_macro   0x0000000000023e72       0xc0 ./src/dmadrv.o
 .debug_macro   0x0000000000023f32      0x454 ./src/em_cmu.o
 .debug_macro   0x0000000000024386       0x2b ./src/em_cmu.o
 .debug_macro   0x00000000000243b1       0xee ./src/em_cmu.o
 .debug_macro   0x000000000002449f       0x1f ./src/em_cmu.o
 .debug_macro   0x00000000000244be      0x3e0 ./src/em_core.o
 .debug_macro   0x000000000002489e       0xba ./src/em_core.o
 .debug_macro   0x0000000000024958      0x3d5 ./src/em_dma.o
 .debug_macro   0x0000000000024d2d      0x3cb ./src/em_gpio.o
 .debug_macro   0x00000000000250f8      0x3bf ./src/em_rtc.o
 .debug_macro   0x00000000000254b7       0x16 ./src/em_rtc.o
 .debug_macro   0x00000000000254cd      0x401 ./src/em_usart.o
 .debug_macro   0x00000000000258ce       0xf1 ./src/em_usart.o
 .debug_macro   0x00000000000259bf      0x3e1 ./src/gpiointerrupt.o
 .debug_macro   0x0000000000025da0      0x44c ./src/main.o
 .debug_macro   0x00000000000261ec       0x10 ./src/main.o
 .debug_macro   0x00000000000261fc       0x3a ./src/main.o
 .debug_macro   0x0000000000026236      0x6de ./src/main.o
 .debug_macro   0x0000000000026914       0x10 ./src/main.o
 .debug_macro   0x0000000000026924       0x7f ./src/main.o
 .debug_macro   0x00000000000269a3      0x4b4 ./src/sl_sleeptimer.o
 .debug_macro   0x0000000000026e57       0x16 ./src/sl_sleeptimer.o
 .debug_macro   0x0000000000026e6d       0x35 ./src/sl_sleeptimer.o
 .debug_macro   0x0000000000026ea2       0x10 ./src/sl_sleeptimer.o
 .debug_macro   0x0000000000026eb2       0x10 ./src/sl_sleeptimer.o
 .debug_macro   0x0000000000026ec2       0x2e ./src/sl_sleeptimer.o
 .debug_macro   0x0000000000026ef0       0x16 ./src/sl_sleeptimer.o
 .debug_macro   0x0000000000026f06       0x22 ./src/sl_sleeptimer.o
 .debug_macro   0x0000000000026f28       0x1c ./src/sl_sleeptimer.o
 .debug_macro   0x0000000000026f44      0x445 ./src/sl_sleeptimer_hal_rtc.o
 .debug_macro   0x0000000000027389      0x44b ./src/spidrv.o
 .debug_macro   0x00000000000277d4       0x16 ./src/spidrv.o
 .debug_macro   0x00000000000277ea      0x344 ./src/spidrv.o
 .debug_macro   0x0000000000027b2e      0x470 ./src/ustimer.o
 .debug_macro   0x0000000000027f9e       0x7f ./src/ustimer.o
 .debug_macro   0x000000000002801d       0x10 ./src/ustimer.o

.debug_frame    0x0000000000000000     0x2ae4
 .debug_frame   0x0000000000000000      0x180 ./CMSIS/EFM32GG/system_efm32gg.o
 .debug_frame   0x0000000000000180      0x2f0 ./src/dmadrv.o
 .debug_frame   0x0000000000000470      0x690 ./src/em_cmu.o
 .debug_frame   0x0000000000000b00      0x3dc ./src/em_core.o
 .debug_frame   0x0000000000000edc      0x338 ./src/em_dma.o
 .debug_frame   0x0000000000001214      0x1e0 ./src/em_gpio.o
 .debug_frame   0x00000000000013f4      0x138 ./src/em_rtc.o
 .debug_frame   0x000000000000152c      0x388 ./src/em_usart.o
 .debug_frame   0x00000000000018b4      0x184 ./src/gpiointerrupt.o
 .debug_frame   0x0000000000001a38       0x80 ./src/main.o
 .debug_frame   0x0000000000001ab8      0x414 ./src/sl_sleeptimer.o
 .debug_frame   0x0000000000001ecc      0x2a0 ./src/sl_sleeptimer_hal_rtc.o
 .debug_frame   0x000000000000216c      0x54c ./src/spidrv.o
 .debug_frame   0x00000000000026b8      0x338 ./src/ustimer.o
 .debug_frame   0x00000000000029f0       0x2c /home/ruben/Simplicity/SimplicityStudio_v4/developer/toolchains/gnu_arm/7.2_2017q4/bin/../lib/gcc/arm-none-eabi/7.2.1/thumb/v7-m/libgcc.a(_aeabi_uldivmod.o)
 .debug_frame   0x0000000000002a1c       0x34 /home/ruben/Simplicity/SimplicityStudio_v4/developer/toolchains/gnu_arm/7.2_2017q4/bin/../lib/gcc/arm-none-eabi/7.2.1/thumb/v7-m/libgcc.a(_udivmoddi4.o)
 .debug_frame   0x0000000000002a50       0x28 /home/ruben/Simplicity/SimplicityStudio_v4/developer/toolchains/gnu_arm/7.2_2017q4/bin/../lib/gcc/arm-none-eabi/7.2.1/../../../../arm-none-eabi/lib/thumb/v7-m/libc_nano.a(lib_a-exit.o)
 .debug_frame   0x0000000000002a78       0x2c /home/ruben/Simplicity/SimplicityStudio_v4/developer/toolchains/gnu_arm/7.2_2017q4/bin/../lib/gcc/arm-none-eabi/7.2.1/../../../../arm-none-eabi/lib/thumb/v7-m/libc_nano.a(lib_a-init.o)
 .debug_frame   0x0000000000002aa4       0x20 /home/ruben/Simplicity/SimplicityStudio_v4/developer/toolchains/gnu_arm/7.2_2017q4/bin/../lib/gcc/arm-none-eabi/7.2.1/../../../../arm-none-eabi/lib/thumb/v7-m/libc_nano.a(lib_a-memset.o)
 .debug_frame   0x0000000000002ac4       0x20 /home/ruben/Simplicity/SimplicityStudio_v4/developer/toolchains/gnu_arm/7.2_2017q4/bin/../lib/gcc/arm-none-eabi/7.2.1/../../../../arm-none-eabi/lib/thumb/v7-m/libnosys.a(_exit.o)
